[backblue.gif]
[fade.gif]
[index.html]
[www.gkf.kr/images/include/top_logo.png]
[www.gkf.kr/images/include/tit_quick.gif]
[www.gkf.kr/images/include/q_1.png]
[www.gkf.kr/images/include/q_2.png]
[www.gkf.kr/images/include/q_3.png]
[www.gkf.kr/images/include/q_4.png]
[www.gkf.kr/images/sub/tit_b_1.gif]
[www.gkf.kr/images/sub/tit_b_2.gif]
[www.gkf.kr/images/sub/tit_b_3.gif]
[www.gkf.kr/images/sub/tit_b_4.gif]
[www.gkf.kr/images/sub/tit_b_5.gif]
[www.gkf.kr/images/sub/tit_b_6.gif]
[www.gkf.kr/images/sub/tit_b_7.gif]
[www.gkf.kr/images/sub/tit_y_1.gif]
[www.gkf.kr/images/sub/tit_y_2.gif]
[www.gkf.kr/images/sub/tit_y_3.gif]
[www.gkf.kr/images/sub/tit_y_4.gif]
[www.gkf.kr/images/include/footer_logo.png]
[www.gkf.kr/images/include/footerbar.png]
[www.gkf.kr/sub/business/business_1.html]
[www.gkf.kr/common/css/style.css]
[www.gkf.kr/common/js/script.js]
[www.gkf.kr/common/js/jquery-1.9.1.min.js]
[www.gkf.kr/common/js/yetii.js]
[www.gkf.kr/sub/business/business_2.html]
[www.gkf.kr/sub/business/business_3.html]
[www.gkf.kr/images/sub/img_motion.png]
[www.gkf.kr/sub/business/business_4.html]
[www.gkf.kr/images/sub/service_table.png]
[www.gkf.kr/common/css/common.css]
[www.gkf.kr/images/include/bg_depth1_off.png]
[www.gkf.kr/images/include/bg_depth1_on.png]
[www.gkf.kr/images/include/bg_depthall_off.png]
[www.gkf.kr/images/include/bg_depthall_on.png]
[www.gkf.kr/images/include/ebg_depth1_off.png]
[www.gkf.kr/images/include/ebg_depth1_on.png]
[www.gkf.kr/images/include/icon_ar.gif]
[www.gkf.kr/images/include/tit_bg_1.png]
[www.gkf.kr/images/include/tit_bg_2.png]
[www.gkf.kr/images/include/tit_bg_3.png]
[www.gkf.kr/images/include/tit_bg_data.png]
[www.gkf.kr/images/include/tit_bg_eng.png]
[www.gkf.kr/common/css/style_inc.css]
[www.gkf.kr/images/main/m_body_bg.png]
[www.gkf.kr/images/main/v_off.png]
[www.gkf.kr/images/main/v_on.png]
[www.gkf.kr/images/main/btn_main_off.png]
[www.gkf.kr/images/main/btn_main_on.png]
[www.gkf.kr/images/main/bar_main_titinfo.gif]
[www.gkf.kr/images/main/bg_visual_1.png]
[www.gkf.kr/images/main/bg_visual_2.png]
[www.gkf.kr/images/main/bg_visual_3.png]
[www.gkf.kr/images/main/ico_cybertour_more.gif]
[www.gkf.kr/images/main/olympic_bg.png]
[www.gkf.kr/images/main/bu_hover.png]
[www.gkf.kr/images/main/ico_data.png]
[www.gkf.kr/images/main/point.png]
[www.gkf.kr/images/main/business_bg.png]
[www.gkf.kr/common/css/style_main.css]
[www.gkf.kr/images/include/body_bg.png]
[www.gkf.kr/images/sub/ceo_bg.png]
[www.gkf.kr/images/sub/tit_arrow.gif]
[www.gkf.kr/images/sub/s_arrow.gif]
[www.gkf.kr/images/sub/organ_bg.png]
[www.gkf.kr/images/sub/organ_bg_2.png]
[www.gkf.kr/images/sub/history_bg.png]
[www.gkf.kr/images/sub/history_ar_bg.gif]
[www.gkf.kr/images/sub/s_line.gif]
[www.gkf.kr/images/sub/formation_bg.png]
[www.gkf.kr/images/sub/formation_img_10.png]
[www.gkf.kr/common/css/style_sub.css]
[www.gkf.kr/images/member/find_bg.gif]
[www.gkf.kr/images/member/join_ok.png]
[www.gkf.kr/images/board/file.gif]
[www.gkf.kr/images/member/map_tit_bg.png]
[www.gkf.kr/images/member/point.gif]
[www.gkf.kr/images/board/cal_bar.gif]
[www.gkf.kr/images/board/point.gif]
[www.gkf.kr/common/css/style_board.css]
